
> my-app@0.1.0 test
> jest --passWithNoTests

